0 verbose cli C:\Program Files\nodejs\node.exe C:\Program Files\nodejs\node_modules\npm\bin\npm-cli.js
1 info using npm@11.6.2
2 info using node@v24.11.1
3 silly config load:file:C:\Program Files\nodejs\node_modules\npm\npmrc
4 silly config load:file:D:\dev\workspaces\js\bbortt.github.io\.npmrc
5 silly config load:file:C:\Users\timon\.npmrc
6 silly config load:file:C:\Users\timon\AppData\Roaming\npm\etc\npmrc
7 verbose title npm uninstall react-loadable
8 verbose argv "uninstall" "react-loadable" "--cache" ".npm"
9 verbose logfile logs-max:10 dir:D:\dev\workspaces\js\bbortt.github.io\.npm\_logs\2025-12-12T13_14_22_900Z-
10 verbose logfile D:\dev\workspaces\js\bbortt.github.io\.npm\_logs\2025-12-12T13_14_22_900Z-debug-0.log
11 silly logfile done cleaning log files
12 silly packumentCache heap:4496293888 maxSize:1124073472 maxEntrySize:562036736
13 silly idealTree buildDeps
14 silly fetch manifest yaml@^2.4.2
15 silly packumentCache full:https://registry.npmjs.org/yaml cache-miss
16 http fetch GET 200 https://registry.npmjs.org/yaml 873ms (cache revalidated)
17 silly packumentCache full:https://registry.npmjs.org/yaml set size:364997 disposed:false
18 silly placeDep node_modules/tailwindcss yaml@2.8.2 OK for: postcss-load-config@6.0.1 want: ^2.4.2
19 silly reify moves {}
20 silly audit bulk request {
20 silly audit   '@adobe/css-tools': [ '4.4.4' ],
20 silly audit   '@alloc/quick-lru': [ '5.2.0' ],
20 silly audit   '@babel/code-frame': [ '7.27.1' ],
20 silly audit   '@babel/compat-data': [ '7.28.5' ],
20 silly audit   '@babel/core': [ '7.28.5' ],
20 silly audit   semver: [ '6.3.1', '5.7.2', '7.7.3' ],
20 silly audit   '@babel/eslint-parser': [ '7.28.5' ],
20 silly audit   'eslint-visitor-keys': [ '2.1.0', '3.4.3' ],
20 silly audit   '@babel/generator': [ '7.28.5' ],
20 silly audit   '@babel/helper-annotate-as-pure': [ '7.27.3' ],
20 silly audit   '@babel/helper-compilation-targets': [ '7.27.2' ],
20 silly audit   '@babel/helper-create-class-features-plugin': [ '7.28.5' ],
20 silly audit   '@babel/helper-create-regexp-features-plugin': [ '7.28.5' ],
20 silly audit   '@babel/helper-define-polyfill-provider': [ '0.6.5' ],
20 silly audit   '@babel/helper-globals': [ '7.28.0' ],
20 silly audit   '@babel/helper-member-expression-to-functions': [ '7.28.5' ],
20 silly audit   '@babel/helper-module-imports': [ '7.27.1' ],
20 silly audit   '@babel/helper-module-transforms': [ '7.28.3' ],
20 silly audit   '@babel/helper-optimise-call-expression': [ '7.27.1' ],
20 silly audit   '@babel/helper-plugin-utils': [ '7.27.1' ],
20 silly audit   '@babel/helper-remap-async-to-generator': [ '7.27.1' ],
20 silly audit   '@babel/helper-replace-supers': [ '7.27.1' ],
20 silly audit   '@babel/helper-skip-transparent-expression-wrappers': [ '7.27.1' ],
20 silly audit   '@babel/helper-string-parser': [ '7.27.1' ],
20 silly audit   '@babel/helper-validator-identifier': [ '7.28.5' ],
20 silly audit   '@babel/helper-validator-option': [ '7.27.1' ],
20 silly audit   '@babel/helper-wrap-function': [ '7.28.3' ],
20 silly audit   '@babel/helpers': [ '7.28.4' ],
20 silly audit   '@babel/parser': [ '7.28.5' ],
20 silly audit   '@babel/plugin-bugfix-firefox-class-in-computed-class-key': [ '7.28.5' ],
20 silly audit   '@babel/plugin-bugfix-safari-class-field-initializer-scope': [ '7.27.1' ],
20 silly audit   '@babel/plugin-bugfix-safari-id-destructuring-collision-in-function-expression': [ '7.27.1' ],
20 silly audit   '@babel/plugin-bugfix-v8-spread-parameters-in-optional-chaining': [ '7.27.1' ],
20 silly audit   '@babel/plugin-bugfix-v8-static-class-fields-redefine-readonly': [ '7.28.3' ],
20 silly audit   '@babel/plugin-proposal-class-properties': [ '7.18.6' ],
20 silly audit   '@babel/plugin-proposal-decorators': [ '7.28.0' ],
20 silly audit   '@babel/plugin-proposal-nullish-coalescing-operator': [ '7.18.6' ],
20 silly audit   '@babel/plugin-proposal-numeric-separator': [ '7.18.6' ],
20 silly audit   '@babel/plugin-proposal-optional-chaining': [ '7.21.0' ],
20 silly audit   '@babel/plugin-proposal-private-methods': [ '7.18.6' ],
20 silly audit   '@babel/plugin-proposal-private-property-in-object': [ '7.21.0-placeholder-for-preset-env.2', '7.21.11' ],
20 silly audit   '@babel/plugin-syntax-async-generators': [ '7.8.4' ],
20 silly audit   '@babel/plugin-syntax-bigint': [ '7.8.3' ],
20 silly audit   '@babel/plugin-syntax-class-properties': [ '7.12.13' ],
20 silly audit   '@babel/plugin-syntax-class-static-block': [ '7.14.5' ],
20 silly audit   '@babel/plugin-syntax-decorators': [ '7.27.1' ],
20 silly audit   '@babel/plugin-syntax-flow': [ '7.27.1' ],
20 silly audit   '@babel/plugin-syntax-import-assertions': [ '7.27.1' ],
20 silly audit   '@babel/plugin-syntax-import-attributes': [ '7.27.1' ],
20 silly audit   '@babel/plugin-syntax-import-meta': [ '7.10.4' ],
20 silly audit   '@babel/plugin-syntax-json-strings': [ '7.8.3' ],
20 silly audit   '@babel/plugin-syntax-jsx': [ '7.27.1' ],
20 silly audit   '@babel/plugin-syntax-logical-assignment-operators': [ '7.10.4' ],
20 silly audit   '@babel/plugin-syntax-nullish-coalescing-operator': [ '7.8.3' ],
20 silly audit   '@babel/plugin-syntax-numeric-separator': [ '7.10.4' ],
20 silly audit   '@babel/plugin-syntax-object-rest-spread': [ '7.8.3' ],
20 silly audit   '@babel/plugin-syntax-optional-catch-binding': [ '7.8.3' ],
20 silly audit   '@babel/plugin-syntax-optional-chaining': [ '7.8.3' ],
20 silly audit   '@babel/plugin-syntax-private-property-in-object': [ '7.14.5' ],
20 silly audit   '@babel/plugin-syntax-top-level-await': [ '7.14.5' ],
20 silly audit   '@babel/plugin-syntax-typescript': [ '7.27.1' ],
20 silly audit   '@babel/plugin-syntax-unicode-sets-regex': [ '7.18.6' ],
20 silly audit   '@babel/plugin-transform-arrow-functions': [ '7.27.1' ],
20 silly audit   '@babel/plugin-transform-async-generator-functions': [ '7.28.0' ],
20 silly audit   '@babel/plugin-transform-async-to-generator': [ '7.27.1' ],
20 silly audit   '@babel/plugin-transform-block-scoped-functions': [ '7.27.1' ],
20 silly audit   '@babel/plugin-transform-block-scoping': [ '7.28.5' ],
20 silly audit   '@babel/plugin-transform-class-properties': [ '7.27.1' ],
20 silly audit   '@babel/plugin-transform-class-static-block': [ '7.28.3' ],
20 silly audit   '@babel/plugin-transform-classes': [ '7.28.4' ],
20 silly audit   '@babel/plugin-transform-computed-properties': [ '7.27.1' ],
20 silly audit   '@babel/plugin-transform-destructuring': [ '7.28.5' ],
20 silly audit   '@babel/plugin-transform-dotall-regex': [ '7.27.1' ],
20 silly audit   '@babel/plugin-transform-duplicate-keys': [ '7.27.1' ],
20 silly audit   '@babel/plugin-transform-duplicate-named-capturing-groups-regex': [ '7.27.1' ],
20 silly audit   '@babel/plugin-transform-dynamic-import': [ '7.27.1' ],
20 silly audit   '@babel/plugin-transform-explicit-resource-management': [ '7.28.0' ],
20 silly audit   '@babel/plugin-transform-exponentiation-operator': [ '7.28.5' ],
20 silly audit   '@babel/plugin-transform-export-namespace-from': [ '7.27.1' ],
20 silly audit   '@babel/plugin-transform-flow-strip-types': [ '7.27.1' ],
20 silly audit   '@babel/plugin-transform-for-of': [ '7.27.1' ],
20 silly audit   '@babel/plugin-transform-function-name': [ '7.27.1' ],
20 silly audit   '@babel/plugin-transform-json-strings': [ '7.27.1' ],
20 silly audit   '@babel/plugin-transform-literals': [ '7.27.1' ],
20 silly audit   '@babel/plugin-transform-logical-assignment-operators': [ '7.28.5' ],
20 silly audit   '@babel/plugin-transform-member-expression-literals': [ '7.27.1' ],
20 silly audit   '@babel/plugin-transform-modules-amd': [ '7.27.1' ],
20 silly audit   '@babel/plugin-transform-modules-commonjs': [ '7.27.1' ],
20 silly audit   '@babel/plugin-transform-modules-systemjs': [ '7.28.5' ],
20 silly audit   '@babel/plugin-transform-modules-umd': [ '7.27.1' ],
20 silly audit   '@babel/plugin-transform-named-capturing-groups-regex': [ '7.27.1' ],
20 silly audit   '@babel/plugin-transform-new-target': [ '7.27.1' ],
20 silly audit   '@babel/plugin-transform-nullish-coalescing-operator': [ '7.27.1' ],
20 silly audit   '@babel/plugin-transform-numeric-separator': [ '7.27.1' ],
20 silly audit   '@babel/plugin-transform-object-rest-spread': [ '7.28.4' ],
20 silly audit   '@babel/plugin-transform-object-super': [ '7.27.1' ],
20 silly audit   '@babel/plugin-transform-optional-catch-binding': [ '7.27.1' ],
20 silly audit   '@babel/plugin-transform-optional-chaining': [ '7.28.5' ],
20 silly audit   '@babel/plugin-transform-parameters': [ '7.27.7' ],
20 silly audit   '@babel/plugin-transform-private-methods': [ '7.27.1' ],
20 silly audit   '@babel/plugin-transform-private-property-in-object': [ '7.27.1' ],
20 silly audit   '@babel/plugin-transform-property-literals': [ '7.27.1' ],
20 silly audit   '@babel/plugin-transform-react-constant-elements': [ '7.27.1' ],
20 silly audit   '@babel/plugin-transform-react-display-name': [ '7.28.0' ],
20 silly audit   '@babel/plugin-transform-react-jsx': [ '7.27.1' ],
20 silly audit   '@babel/plugin-transform-react-jsx-development': [ '7.27.1' ],
20 silly audit   '@babel/plugin-transform-react-pure-annotations': [ '7.27.1' ],
20 silly audit   '@babel/plugin-transform-regenerator': [ '7.28.4' ],
20 silly audit   '@babel/plugin-transform-regexp-modifiers': [ '7.27.1' ],
20 silly audit   '@babel/plugin-transform-reserved-words': [ '7.27.1' ],
20 silly audit   '@babel/plugin-transform-runtime': [ '7.28.5' ],
20 silly audit   '@babel/plugin-transform-shorthand-properties': [ '7.27.1' ],
20 silly audit   '@babel/plugin-transform-spread': [ '7.27.1' ],
20 silly audit   '@babel/plugin-transform-sticky-regex': [ '7.27.1' ],
20 silly audit   '@babel/plugin-transform-template-literals': [ '7.27.1' ],
20 silly audit   '@babel/plugin-transform-typeof-symbol': [ '7.27.1' ],
20 silly audit   '@babel/plugin-transform-typescript': [ '7.28.5' ],
20 silly audit   '@babel/plugin-transform-unicode-escapes': [ '7.27.1' ],
20 silly audit   '@babel/plugin-transform-unicode-property-regex': [ '7.27.1' ],
20 silly audit   '@babel/plugin-transform-unicode-regex': [ '7.27.1' ],
20 silly audit   '@babel/plugin-transform-unicode-sets-regex': [ '7.27.1' ],
20 silly audit   '@babel/preset-env': [ '7.28.5' ],
20 silly audit   '@babel/preset-modules': [ '0.1.6-no-external-plugins' ],
20 silly audit   '@babel/preset-react': [ '7.28.5' ],
20 silly audit   '@babel/preset-typescript': [ '7.28.5' ],
20 silly audit   '@babel/runtime': [ '7.28.4' ],
20 silly audit   '@babel/template': [ '7.27.2' ],
20 silly audit   '@babel/traverse': [ '7.28.5' ],
20 silly audit   '@babel/types': [ '7.28.5' ],
20 silly audit   '@bcoe/v8-coverage': [ '0.2.3' ],
20 silly audit   '@csstools/normalize.css': [ '12.1.1' ],
20 silly audit   '@csstools/postcss-cascade-layers': [ '1.1.1' ],
20 silly audit   '@csstools/postcss-color-function': [ '1.1.1' ],
20 silly audit   '@csstools/postcss-font-format-keywords': [ '1.0.1' ],
20 silly audit   '@csstools/postcss-hwb-function': [ '1.0.2' ],
20 silly audit   '@csstools/postcss-ic-unit': [ '1.0.1' ],
20 silly audit   '@csstools/postcss-is-pseudo-class': [ '2.0.7' ],
20 silly audit   '@csstools/postcss-nested-calc': [ '1.0.0' ],
20 silly audit   '@csstools/postcss-normalize-display-values': [ '1.0.1' ],
20 silly audit   '@csstools/postcss-oklab-function': [ '1.1.1' ],
20 silly audit   '@csstools/postcss-progressive-custom-properties': [ '1.3.0' ],
20 silly audit   '@csstools/postcss-stepped-value-functions': [ '1.0.1' ],
20 silly audit   '@csstools/postcss-text-decoration-shorthand': [ '1.0.0' ],
20 silly audit   '@csstools/postcss-trigonometric-functions': [ '1.0.2' ],
20 silly audit   '@csstools/postcss-unset-value': [ '1.0.2' ],
20 silly audit   '@csstools/selector-specificity': [ '2.2.0' ],
20 silly audit   '@devexpress/error-stack-parser': [ '2.0.6' ],
20 silly audit   '@eslint-community/eslint-utils': [ '4.9.0' ],
20 silly audit   '@eslint-community/regexpp': [ '4.12.2' ],
20 silly audit   '@eslint/eslintrc': [ '2.1.4' ],
20 silly audit   argparse: [ '2.0.1', '1.0.10' ],
20 silly audit   'js-yaml': [ '4.1.1', '3.14.2' ],
20 silly audit   '@eslint/js': [ '8.57.1' ],
20 silly audit   '@humanwhocodes/config-array': [ '0.13.0' ],
20 silly audit   '@humanwhocodes/module-importer': [ '1.0.1' ],
20 silly audit   '@humanwhocodes/object-schema': [ '2.0.3' ],
20 silly audit   '@istanbuljs/load-nyc-config': [ '1.1.0' ],
20 silly audit   camelcase: [ '5.3.1', '6.3.0' ],
20 silly audit   '@istanbuljs/schema': [ '0.1.3' ],
20 silly audit   '@jest/console': [ '27.5.1', '28.1.3' ],
20 silly audit   '@jest/core': [ '27.5.1' ],
20 silly audit   '@jest/environment': [ '27.5.1' ],
20 silly audit   '@jest/fake-timers': [ '27.5.1' ],
20 silly audit   '@jest/globals': [ '27.5.1' ],
20 silly audit   '@jest/reporters': [ '27.5.1' ],
20 silly audit   'source-map': [ '0.6.1', '0.7.6', '0.8.0-beta.0' ],
20 silly audit   '@jest/schemas': [ '28.1.3' ],
20 silly audit   '@jest/source-map': [ '27.5.1' ],
20 silly audit   '@jest/test-result': [ '27.5.1', '28.1.3' ],
20 silly audit   '@jest/test-sequencer': [ '27.5.1' ],
20 silly audit   '@jest/transform': [ '27.5.1' ],
20 silly audit   'convert-source-map': [ '1.9.0', '2.0.0' ],
20 silly audit   '@jest/types': [ '27.5.1', '28.1.3' ],
20 silly audit   '@jridgewell/gen-mapping': [ '0.3.13' ],
20 silly audit   '@jridgewell/remapping': [ '2.3.5' ],
20 silly audit   '@jridgewell/resolve-uri': [ '3.1.2' ],
20 silly audit   '@jridgewell/source-map': [ '0.3.11' ],
20 silly audit   '@jridgewell/sourcemap-codec': [ '1.5.5' ],
20 silly audit   '@jridgewell/trace-mapping': [ '0.3.31' ],
20 silly audit   '@leichtgewicht/ip-codec': [ '2.0.5' ],
20 silly audit   '@nicolo-ribaudo/eslint-scope-5-internals': [ '5.1.1-v1' ],
20 silly audit   'eslint-scope': [ '5.1.1', '7.2.2' ],
20 silly audit   estraverse: [ '4.3.0', '5.3.0' ],
20 silly audit   '@nodelib/fs.scandir': [ '2.1.5' ],
20 silly audit   '@nodelib/fs.stat': [ '2.0.5' ],
20 silly audit   '@nodelib/fs.walk': [ '1.2.8' ],
20 silly audit   '@pmmmwh/react-refresh-webpack-plugin': [ '0.5.17' ],
20 silly audit   '@popperjs/core': [ '2.11.8' ],
20 silly audit   '@rollup/plugin-babel': [ '5.3.1' ],
20 silly audit   '@rollup/plugin-node-resolve': [ '11.2.1' ],
20 silly audit   '@rollup/plugin-replace': [ '2.4.2' ],
20 silly audit   '@rollup/pluginutils': [ '3.1.0' ],
20 silly audit   '@types/estree': [ '0.0.39', '1.0.8' ],
20 silly audit   '@rtsao/scc': [ '1.1.0' ],
20 silly audit   '@rushstack/eslint-patch': [ '1.15.0' ],
20 silly audit   '@sinclair/typebox': [ '0.24.51' ],
20 silly audit   '@sindresorhus/is': [ '0.14.0' ],
20 silly audit   '@sinonjs/commons': [ '1.8.6' ],
20 silly audit   '@sinonjs/fake-timers': [ '8.1.0' ],
20 silly audit   '@surma/rollup-plugin-off-main-thread': [ '2.2.3' ],
20 silly audit   '@svgr/babel-plugin-add-jsx-attribute': [ '5.4.0' ],
20 silly audit   '@svgr/babel-plugin-remove-jsx-attribute': [ '5.4.0' ],
20 silly audit   '@svgr/babel-plugin-remove-jsx-empty-expression': [ '5.0.1' ],
20 silly audit   '@svgr/babel-plugin-replace-jsx-attribute-value': [ '5.0.1' ],
20 silly audit   '@svgr/babel-plugin-svg-dynamic-title': [ '5.4.0' ],
20 silly audit   '@svgr/babel-plugin-svg-em-dimensions': [ '5.4.0' ],
20 silly audit   '@svgr/babel-plugin-transform-react-native-svg': [ '5.4.0' ],
20 silly audit   '@svgr/babel-plugin-transform-svg-component': [ '5.5.0' ],
20 silly audit   '@svgr/babel-preset': [ '5.5.0' ],
20 silly audit   '@svgr/core': [ '5.5.0' ],
20 silly audit   '@svgr/hast-util-to-babel-ast': [ '5.5.0' ],
20 silly audit   '@svgr/plugin-jsx': [ '5.5.0' ],
20 silly audit   '@svgr/plugin-svgo': [ '5.5.0' ],
20 silly audit   '@svgr/webpack': [ '5.5.0' ],
20 silly audit   '@szmarczak/http-timer': [ '1.1.2' ],
20 silly audit   '@testing-library/dom': [ '10.4.1' ],
20 silly audit   'aria-query': [ '5.3.0', '5.3.2' ],
20 silly audit   '@testing-library/jest-dom': [ '6.9.1' ],
20 silly audit   'dom-accessibility-api': [ '0.6.3', '0.5.16' ],
20 silly audit   '@testing-library/react': [ '16.3.0' ],
20 silly audit   '@testing-library/user-event': [ '13.5.0' ],
20 silly audit   '@tootallnate/once': [ '1.1.2' ],
20 silly audit   '@trysound/sax': [ '0.2.0' ],
20 silly audit   '@types/aria-query': [ '5.0.4' ],
20 silly audit   '@types/babel__core': [ '7.20.5' ],
20 silly audit   '@types/babel__generator': [ '7.27.0' ],
20 silly audit   '@types/babel__template': [ '7.4.4' ],
20 silly audit   '@types/babel__traverse': [ '7.28.0' ],
20 silly audit   '@types/body-parser': [ '1.19.6' ],
20 silly audit   '@types/bonjour': [ '3.5.13' ],
20 silly audit   '@types/connect': [ '3.4.38' ],
20 silly audit   '@types/connect-history-api-fallback': [ '1.5.4' ],
20 silly audit   '@types/eslint': [ '8.56.12' ],
20 silly audit   '@types/eslint-scope': [ '3.7.7' ],
20 silly audit   '@types/express': [ '4.17.25' ],
20 silly audit   '@types/express-serve-static-core': [ '5.1.0', '4.19.7' ],
20 silly audit   '@types/graceful-fs': [ '4.1.9' ],
20 silly audit   '@types/html-minifier-terser': [ '6.1.0' ],
20 silly audit   '@types/http-errors': [ '2.0.5' ],
20 silly audit   '@types/http-proxy': [ '1.17.17' ],
20 silly audit   '@types/istanbul-lib-coverage': [ '2.0.6' ],
20 silly audit   '@types/istanbul-lib-report': [ '3.0.3' ],
20 silly audit   '@types/istanbul-reports': [ '3.0.4' ],
20 silly audit   '@types/json-schema': [ '7.0.15' ],
20 silly audit   '@types/json5': [ '0.0.29' ],
20 silly audit   '@types/lodash': [ '4.17.21' ],
20 silly audit   '@types/mime': [ '1.3.5' ],
20 silly audit   '@types/minimatch': [ '3.0.5' ],
20 silly audit   '@types/minimist': [ '1.2.5' ],
20 silly audit   '@types/node': [ '25.0.1' ],
20 silly audit   '@types/node-forge': [ '1.3.14' ],
20 silly audit   '@types/normalize-package-data': [ '2.4.4' ],
20 silly audit   '@types/parse-json': [ '4.0.2' ],
20 silly audit   '@types/prettier': [ '2.7.3' ],
20 silly audit   '@types/q': [ '1.5.8' ],
20 silly audit   '@types/qs': [ '6.14.0' ],
20 silly audit   '@types/range-parser': [ '1.2.7' ],
20 silly audit   '@types/resolve': [ '1.17.1' ],
20 silly audit   '@types/retry': [ '0.12.0' ],
20 silly audit   '@types/semver': [ '7.7.1' ],
20 silly audit   '@types/send': [ '1.2.1', '0.17.6' ],
20 silly audit   '@types/serve-index': [ '1.9.4' ],
20 silly audit   '@types/serve-static': [ '1.15.10' ],
20 silly audit   '@types/sockjs': [ '0.3.36' ],
20 silly audit   '@types/stack-utils': [ '2.0.3' ],
20 silly audit   '@types/trusted-types': [ '2.0.7' ],
20 silly audit   '@types/ws': [ '8.18.1' ],
20 silly audit   '@types/yargs': [ '16.0.11', '17.0.35' ],
20 silly audit   '@types/yargs-parser': [ '21.0.3' ],
20 silly audit   '@typescript-eslint/eslint-plugin': [ '5.62.0' ],
20 silly audit   '@typescript-eslint/experimental-utils': [ '5.62.0' ],
20 silly audit   '@typescript-eslint/parser': [ '5.62.0' ],
20 silly audit   '@typescript-eslint/scope-manager': [ '5.62.0' ],
20 silly audit   '@typescript-eslint/type-utils': [ '5.62.0' ],
20 silly audit   '@typescript-eslint/types': [ '5.62.0' ],
20 silly audit   '@typescript-eslint/typescript-estree': [ '5.62.0' ],
20 silly audit   '@typescript-eslint/utils': [ '5.62.0' ],
20 silly audit   '@typescript-eslint/visitor-keys': [ '5.62.0' ],
20 silly audit   '@ungap/structured-clone': [ '1.3.0' ],
20 silly audit   '@vue/compiler-core': [ '3.5.25' ],
20 silly audit   entities: [ '4.5.0', '2.2.0' ],
20 silly audit   'estree-walker': [ '2.0.2', '1.0.1' ],
20 silly audit   '@vue/compiler-dom': [ '3.5.25' ],
20 silly audit   '@vue/compiler-sfc': [ '3.5.25' ],
20 silly audit   'magic-string': [ '0.30.21', '0.25.9' ],
20 silly audit   '@vue/compiler-ssr': [ '3.5.25' ],
20 silly audit   '@vue/shared': [ '3.5.25' ],
20 silly audit   '@webassemblyjs/ast': [ '1.14.1' ],
20 silly audit   '@webassemblyjs/floating-point-hex-parser': [ '1.13.2' ],
20 silly audit   '@webassemblyjs/helper-api-error': [ '1.13.2' ],
20 silly audit   '@webassemblyjs/helper-buffer': [ '1.14.1' ],
20 silly audit   '@webassemblyjs/helper-numbers': [ '1.13.2' ],
20 silly audit   '@webassemblyjs/helper-wasm-bytecode': [ '1.13.2' ],
20 silly audit   '@webassemblyjs/helper-wasm-section': [ '1.14.1' ],
20 silly audit   '@webassemblyjs/ieee754': [ '1.13.2' ],
20 silly audit   '@webassemblyjs/leb128': [ '1.13.2' ],
20 silly audit   '@webassemblyjs/utf8': [ '1.13.2' ],
20 silly audit   '@webassemblyjs/wasm-edit': [ '1.14.1' ],
20 silly audit   '@webassemblyjs/wasm-gen': [ '1.14.1' ],
20 silly audit   '@webassemblyjs/wasm-opt': [ '1.14.1' ],
20 silly audit   '@webassemblyjs/wasm-parser': [ '1.14.1' ],
20 silly audit   '@webassemblyjs/wast-printer': [ '1.14.1' ],
20 silly audit   '@xtuc/ieee754': [ '1.2.0' ],
20 silly audit   '@xtuc/long': [ '4.2.2' ],
20 silly audit   abab: [ '2.0.6' ],
20 silly audit   accepts: [ '1.3.8' ],
20 silly audit   negotiator: [ '0.6.3', '0.6.4' ],
20 silly audit   acorn: [ '8.15.0', '7.4.1' ],
20 silly audit   'acorn-globals': [ '6.0.0' ],
20 silly audit   'acorn-import-phases': [ '1.0.4' ],
20 silly audit   'acorn-jsx': [ '5.3.2' ],
20 silly audit   'acorn-walk': [ '7.2.0' ],
20 silly audit   address: [ '1.2.2' ],
20 silly audit   'adjust-sourcemap-loader': [ '4.0.0' ],
20 silly audit   'agent-base': [ '6.0.2' ],
20 silly audit   ajv: [ '6.12.6', '8.17.1' ],
20 silly audit   'ajv-formats': [ '2.1.1' ],
20 silly audit   'json-schema-traverse': [ '1.0.0', '0.4.1' ],
20 silly audit   'ajv-keywords': [ '3.5.2', '5.1.0' ],
20 silly audit   'ansi-align': [ '3.0.1' ],
20 silly audit   'ansi-escapes': [ '4.3.2' ],
20 silly audit   'type-fest': [ '0.21.3', '0.18.1', '0.8.1', '0.6.0', '0.16.0', '0.20.2' ],
20 silly audit   'ansi-html': [ '0.0.9' ],
20 silly audit   'ansi-html-community': [ '0.0.8' ],
20 silly audit   'ansi-regex': [ '5.0.1', '6.2.2' ],
20 silly audit   'ansi-styles': [ '4.3.0', '3.2.1', '5.2.0' ],
20 silly audit   'any-promise': [ '1.3.0' ],
20 silly audit   anymatch: [ '3.1.3' ],
20 silly audit   arg: [ '5.0.2' ],
20 silly audit   'array-buffer-byte-length': [ '1.0.2' ],
20 silly audit   'array-differ': [ '3.0.0' ],
20 silly audit   'array-flatten': [ '1.1.1' ],
20 silly audit   'array-includes': [ '3.1.9' ],
20 silly audit   'array-union': [ '2.1.0' ],
20 silly audit   'array.prototype.findlast': [ '1.2.5' ],
20 silly audit   'array.prototype.findlastindex': [ '1.2.6' ],
20 silly audit   'array.prototype.flat': [ '1.3.3' ],
20 silly audit   'array.prototype.flatmap': [ '1.3.3' ],
20 silly audit   'array.prototype.reduce': [ '1.0.8' ],
20 silly audit   'array.prototype.tosorted': [ '1.1.4' ],
20 silly audit   'arraybuffer.prototype.slice': [ '1.0.4' ],
20 silly audit   arrify: [ '1.0.1', '2.0.1' ],
20 silly audit   asap: [ '2.0.6' ],
20 silly audit   'ast-types-flow': [ '0.0.8' ],
20 silly audit   async: [ '3.2.6' ],
20 silly audit   'async-function': [ '1.0.0' ],
20 silly audit   asynckit: [ '0.4.0' ],
20 silly audit   'at-least-node': [ '1.0.0' ],
20 silly audit   autoprefixer: [ '10.4.22' ],
20 silly audit   'available-typed-arrays': [ '1.0.7' ],
20 silly audit   'axe-core': [ '4.11.0' ],
20 silly audit   'axobject-query': [ '4.1.0' ],
20 silly audit   'babel-jest': [ '27.5.1' ],
20 silly audit   'babel-loader': [ '8.4.1' ],
20 silly audit   'schema-utils': [ '2.7.1', '3.3.0', '2.7.0', '4.3.3' ],
20 silly audit   'babel-plugin-istanbul': [ '6.1.1' ],
20 silly audit   'babel-plugin-jest-hoist': [ '27.5.1' ],
20 silly audit   'babel-plugin-macros': [ '3.1.0' ],
20 silly audit   'babel-plugin-named-asset-import': [ '0.3.8' ],
20 silly audit   'babel-plugin-polyfill-corejs2': [ '0.4.14' ],
20 silly audit   'babel-plugin-polyfill-corejs3': [ '0.13.0' ],
20 silly audit   'babel-plugin-polyfill-regenerator': [ '0.6.5' ],
20 silly audit   'babel-plugin-transform-react-remove-prop-types': [ '0.4.24' ],
20 silly audit   'babel-preset-current-node-syntax': [ '1.2.0' ],
20 silly audit   'babel-preset-jest': [ '27.5.1' ],
20 silly audit   'babel-preset-react-app': [ '10.1.0' ],
20 silly audit   'balanced-match': [ '1.0.2' ],
20 silly audit   'base64-js': [ '1.5.1' ],
20 silly audit   'baseline-browser-mapping': [ '2.9.6' ],
20 silly audit   batch: [ '0.6.1' ],
20 silly audit   bfj: [ '7.1.0' ],
20 silly audit   'big.js': [ '5.2.2' ],
20 silly audit   'binary-extensions': [ '2.3.0' ],
20 silly audit   bl: [ '4.1.0' ],
20 silly audit   bluebird: [ '3.7.2' ],
20 silly audit   'body-parser': [ '1.20.4' ],
20 silly audit   debug: [ '2.6.9', '4.4.3', '3.2.7' ],
20 silly audit   'iconv-lite': [ '0.4.24', '0.6.3' ],
20 silly audit   ms: [ '2.0.0', '2.1.3' ],
20 silly audit   'bonjour-service': [ '1.3.0' ],
20 silly audit   boolbase: [ '1.0.0' ],
20 silly audit   bootstrap: [ '5.3.8' ],
20 silly audit   boxen: [ '5.1.2' ],
20 silly audit   'brace-expansion': [ '1.1.12', '2.0.2' ],
20 silly audit   braces: [ '3.0.3' ],
20 silly audit   'browser-process-hrtime': [ '1.0.0' ],
20 silly audit   browserslist: [ '4.28.1' ],
20 silly audit   bser: [ '2.1.1' ],
20 silly audit   buffer: [ '5.7.1' ],
20 silly audit   'buffer-from': [ '1.1.2' ],
20 silly audit   'builtin-modules': [ '3.3.0' ],
20 silly audit   bytes: [ '3.1.2' ],
20 silly audit   'cacheable-request': [ '6.1.0' ],
20 silly audit   'get-stream': [ '5.2.0', '6.0.1', '4.1.0' ],
20 silly audit   'json-buffer': [ '3.0.0', '3.0.1' ],
20 silly audit   keyv: [ '3.1.0', '4.5.4' ],
20 silly audit   'lowercase-keys': [ '2.0.0', '1.0.1' ],
20 silly audit   'normalize-url': [ '4.5.1', '6.1.0' ],
20 silly audit   'call-bind': [ '1.0.8' ],
20 silly audit   'call-bind-apply-helpers': [ '1.0.2' ],
20 silly audit   'call-bound': [ '1.0.4' ],
20 silly audit   callsite: [ '1.0.0' ],
20 silly audit   'callsite-record': [ '4.1.5' ],
20 silly audit   chalk: [ '2.4.2', '4.1.2' ],
20 silly audit   'color-convert': [ '1.9.3', '2.0.1' ],
20 silly audit   'color-name': [ '1.1.3', '1.1.4' ],
20 silly audit   'escape-string-regexp': [ '1.0.5', '4.0.0', '2.0.0' ],
20 silly audit   'has-flag': [ '3.0.0', '4.0.0' ],
20 silly audit   'supports-color': [ '5.5.0', '8.1.1', '7.2.0' ],
20 silly audit   callsites: [ '3.1.0' ],
20 silly audit   'camel-case': [ '4.1.2' ],
20 silly audit   'camelcase-css': [ '2.0.1' ],
20 silly audit   'camelcase-keys': [ '6.2.2' ],
20 silly audit   'caniuse-api': [ '3.0.0' ],
20 silly audit   'caniuse-lite': [ '1.0.30001760' ],
20 silly audit   'case-sensitive-paths-webpack-plugin': [ '2.4.0' ],
20 silly audit   'char-regex': [ '1.0.2', '2.0.2' ],
20 silly audit   chardet: [ '0.7.0' ],
20 silly audit   'check-types': [ '11.2.3' ],
20 silly audit   chokidar: [ '3.6.0' ],
20 silly audit   'glob-parent': [ '5.1.2', '6.0.2' ],
20 silly audit   'chrome-trace-event': [ '1.0.4' ],
20 silly audit   'ci-info': [ '3.9.0', '2.0.0' ],
20 silly audit   'cjs-module-lexer': [ '1.4.3' ],
20 silly audit   'clean-css': [ '5.3.3' ],
20 silly audit   'cli-boxes': [ '2.2.1' ],
20 silly audit   'cli-cursor': [ '3.1.0' ],
20 silly audit   'cli-spinners': [ '2.9.2' ],
20 silly audit   'cli-width': [ '3.0.0' ],
20 silly audit   cliui: [ '7.0.4' ],
20 silly audit   clone: [ '1.0.4' ],
20 silly audit   'clone-response': [ '1.0.3' ],
20 silly audit   co: [ '4.6.0' ],
20 silly audit   coa: [ '2.0.2' ],
20 silly audit   'collect-v8-coverage': [ '1.0.3' ],
20 silly audit   colord: [ '2.9.3' ],
20 silly audit   colorette: [ '2.0.20' ],
20 silly audit   'combined-stream': [ '1.0.8' ],
20 silly audit   commander: [ '8.3.0', '13.1.0', '7.2.0', '4.1.1', '2.20.3' ],
20 silly audit   'common-tags': [ '1.8.2' ],
20 silly audit   commondir: [ '1.0.1' ],
20 silly audit   compressible: [ '2.0.18' ],
20 silly audit   compression: [ '1.8.1' ],
20 silly audit   'concat-map': [ '0.0.1' ],
20 silly audit   configstore: [ '5.0.1' ],
20 silly audit   'confusing-browser-globals': [ '1.0.11' ],
20 silly audit   'connect-history-api-fallback': [ '2.0.0' ],
20 silly audit   'content-disposition': [ '0.5.4' ],
20 silly audit   'content-type': [ '1.0.5' ],
20 silly audit   cookie: [ '0.7.2', '1.1.1' ],
20 silly audit   'cookie-signature': [ '1.0.7' ],
20 silly audit   'core-js': [ '3.47.0' ],
20 silly audit   'core-js-compat': [ '3.47.0' ],
20 silly audit   'core-js-pure': [ '3.47.0' ],
20 silly audit   'core-util-is': [ '1.0.3' ],
20 silly audit   cosmiconfig: [ '7.1.0', '6.0.0' ],
20 silly audit   'cross-spawn': [ '7.0.6' ],
20 silly audit   'crypto-random-string': [ '2.0.0' ],
20 silly audit   'css-blank-pseudo': [ '3.0.3' ],
20 silly audit   'css-declaration-sorter': [ '6.4.1' ],
20 silly audit   'css-has-pseudo': [ '3.0.4' ],
20 silly audit   'css-loader': [ '6.11.0' ],
20 silly audit   'css-minimizer-webpack-plugin': [ '3.4.1' ],
20 silly audit   'css-prefers-color-scheme': [ '6.0.3' ],
20 silly audit   'css-select': [ '4.3.0', '2.1.0' ],
20 silly audit   'css-select-base-adapter': [ '0.1.1' ],
20 silly audit   'css-tree': [ '1.0.0-alpha.37', '1.1.3' ],
20 silly audit   'css-what': [ '6.2.2', '3.4.2' ],
20 silly audit   'css.escape': [ '1.5.1' ],
20 silly audit   cssdb: [ '7.11.2' ],
20 silly audit   cssesc: [ '3.0.0' ],
20 silly audit   cssnano: [ '5.1.15' ],
20 silly audit   'cssnano-preset-default': [ '5.2.14' ],
20 silly audit   'cssnano-utils': [ '3.1.0' ],
20 silly audit   csso: [ '4.2.0' ],
20 silly audit   'mdn-data': [ '2.0.14', '2.0.4' ],
20 silly audit   cssom: [ '0.4.4', '0.3.8' ],
20 silly audit   cssstyle: [ '2.3.0' ],
20 silly audit   'damerau-levenshtein': [ '1.0.8' ],
20 silly audit   'data-urls': [ '2.0.0' ],
20 silly audit   'data-view-buffer': [ '1.0.2' ],
20 silly audit   'data-view-byte-length': [ '1.0.2' ],
20 silly audit   'data-view-byte-offset': [ '1.0.1' ],
20 silly audit   decamelize: [ '1.2.0' ],
20 silly audit   'decamelize-keys': [ '1.1.1' ],
20 silly audit   'map-obj': [ '1.0.1', '4.3.0' ],
20 silly audit   'decimal.js': [ '10.6.0' ],
20 silly audit   'decompress-response': [ '3.3.0' ],
20 silly audit   dedent: [ '0.7.0' ],
20 silly audit   'deep-extend': [ '0.6.0' ],
20 silly audit   'deep-is': [ '0.1.4' ],
20 silly audit   deepmerge: [ '4.3.1' ],
20 silly audit   'default-gateway': [ '6.0.3' ],
20 silly audit   defaults: [ '1.0.4' ],
20 silly audit   'defer-to-connect': [ '1.1.3' ],
20 silly audit   'define-data-property': [ '1.1.4' ],
20 silly audit   'define-lazy-prop': [ '2.0.0' ],
20 silly audit   'define-properties': [ '1.2.1' ],
20 silly audit   'delayed-stream': [ '1.0.0' ],
20 silly audit   depcheck: [ '1.4.7' ],
20 silly audit   minimatch: [ '7.4.6', '5.1.6', '3.1.2' ],
20 silly audit   depd: [ '2.0.0', '1.1.2' ],
20 silly audit   'deps-regex': [ '0.2.0' ],
20 silly audit   dequal: [ '2.0.3' ],
20 silly audit   destroy: [ '1.2.0' ],
20 silly audit   'detect-file': [ '1.0.0' ],
20 silly audit   'detect-newline': [ '3.1.0' ],
20 silly audit   'detect-node': [ '2.1.0' ],
20 silly audit   'detect-port-alt': [ '1.1.6' ],
20 silly audit   didyoumean: [ '1.2.2' ],
20 silly audit   'diff-sequences': [ '27.5.1' ],
20 silly audit   'dir-glob': [ '3.0.1' ],
20 silly audit   dlv: [ '1.1.3' ],
20 silly audit   'dns-packet': [ '5.6.1' ],
20 silly audit   doctrine: [ '3.0.0', '2.1.0' ],
20 silly audit   'dom-converter': [ '0.2.0' ],
20 silly audit   'dom-serializer': [ '1.4.1', '0.2.2' ],
20 silly audit   domelementtype: [ '2.3.0', '1.3.1' ],
20 silly audit   domexception: [ '2.0.1' ],
20 silly audit   'webidl-conversions': [ '5.0.0', '6.1.0', '4.0.2' ],
20 silly audit   domhandler: [ '4.3.1' ],
20 silly audit   domutils: [ '2.8.0', '1.7.0' ],
20 silly audit   'dot-case': [ '3.0.4' ],
20 silly audit   'dot-prop': [ '5.3.0' ],
20 silly audit   'is-obj': [ '2.0.0', '1.0.1' ],
20 silly audit   dotenv: [ '10.0.0' ],
20 silly audit   'dotenv-expand': [ '5.1.0' ],
20 silly audit   'dunder-proto': [ '1.0.1' ],
20 silly audit   duplexer: [ '0.1.2' ],
20 silly audit   duplexer3: [ '0.1.5' ],
20 silly audit   'ee-first': [ '1.1.1' ],
20 silly audit   ejs: [ '3.1.10' ],
20 silly audit   'electron-to-chromium': [ '1.5.267' ],
20 silly audit   'email-addresses': [ '5.0.0' ],
20 silly audit   emittery: [ '0.8.1', '0.10.2' ],
20 silly audit   'emoji-regex': [ '9.2.2', '8.0.0' ],
20 silly audit   'emojis-list': [ '3.0.0' ],
20 silly audit   encodeurl: [ '2.0.0', '1.0.2' ],
20 silly audit   'end-of-stream': [ '1.4.5' ],
20 silly audit   'enhanced-resolve': [ '5.18.4' ],
20 silly audit   'error-ex': [ '1.3.4' ],
20 silly audit   'error-stack-parser': [ '2.1.4' ],
20 silly audit   'es-abstract': [ '1.24.0' ],
20 silly audit   'es-array-method-boxes-properly': [ '1.0.0' ],
20 silly audit   'es-define-property': [ '1.0.1' ],
20 silly audit   'es-errors': [ '1.3.0' ],
20 silly audit   'es-iterator-helpers': [ '1.2.1' ],
20 silly audit   'es-module-lexer': [ '1.7.0' ],
20 silly audit   'es-object-atoms': [ '1.1.1' ],
20 silly audit   'es-set-tostringtag': [ '2.1.0' ],
20 silly audit   'es-shim-unscopables': [ '1.1.0' ],
20 silly audit   'es-to-primitive': [ '1.3.0' ],
20 silly audit   escalade: [ '3.2.0' ],
20 silly audit   'escape-goat': [ '2.1.1' ],
20 silly audit   'escape-html': [ '1.0.3' ],
20 silly audit   escodegen: [ '2.1.0', '1.14.3' ],
20 silly audit   eslint: [ '8.57.1' ],
20 silly audit   'eslint-config-react-app': [ '7.0.1' ],
20 silly audit   'eslint-import-resolver-node': [ '0.3.9' ],
20 silly audit   'eslint-module-utils': [ '2.12.1' ],
20 silly audit   'eslint-plugin-flowtype': [ '8.0.3' ],
20 silly audit   'eslint-plugin-import': [ '2.32.0' ],
20 silly audit   'eslint-plugin-jest': [ '25.7.0' ],
20 silly audit   'eslint-plugin-jsx-a11y': [ '6.10.2' ],
20 silly audit   'eslint-plugin-react': [ '7.37.5' ],
20 silly audit   'eslint-plugin-react-hooks': [ '4.6.2' ],
20 silly audit   resolve: [ '2.0.0-next.5', '1.22.11' ],
20 silly audit   'eslint-plugin-testing-library': [ '5.11.1' ],
20 silly audit   'eslint-webpack-plugin': [ '3.2.0' ],
20 silly audit   'jest-worker': [ '28.1.3', '27.5.1', '26.6.2' ],
20 silly audit   'find-up': [ '5.0.0', '4.1.0', '3.0.0' ],
20 silly audit   'locate-path': [ '6.0.0', '5.0.0', '3.0.0' ],
20 silly audit   'p-limit': [ '3.1.0', '2.3.0' ],
20 silly audit   'p-locate': [ '5.0.0', '4.1.0', '3.0.0' ],
20 silly audit   espree: [ '9.6.1' ],
20 silly audit   esprima: [ '4.0.1', '1.2.2' ],
20 silly audit   esquery: [ '1.6.0' ],
20 silly audit   esrecurse: [ '4.3.0' ],
20 silly audit   esutils: [ '2.0.3' ],
20 silly audit   etag: [ '1.8.1' ],
20 silly audit   eventemitter3: [ '4.0.7' ],
20 silly audit   events: [ '3.3.0' ],
20 silly audit   execa: [ '5.1.1' ],
20 silly audit   exit: [ '0.1.2' ],
20 silly audit   'expand-tilde': [ '2.0.2' ],
20 silly audit   expect: [ '27.5.1' ],
20 silly audit   express: [ '4.22.1' ],
20 silly audit   'external-editor': [ '3.1.0' ],
20 silly audit   'fast-deep-equal': [ '3.1.3' ],
20 silly audit   'fast-glob': [ '3.3.3' ],
20 silly audit   'fast-json-stable-stringify': [ '2.1.0' ],
20 silly audit   'fast-levenshtein': [ '2.0.6' ],
20 silly audit   'fast-uri': [ '3.1.0' ],
20 silly audit   fastq: [ '1.19.1' ],
20 silly audit   'faye-websocket': [ '0.11.4' ],
20 silly audit   'fb-watchman': [ '2.0.2' ],
20 silly audit   figures: [ '3.2.0' ],
20 silly audit   'file-entry-cache': [ '6.0.1' ],
20 silly audit   'file-loader': [ '6.2.0' ],
20 silly audit   filelist: [ '1.0.4' ],
20 silly audit   'filename-reserved-regex': [ '2.0.0' ],
20 silly audit   filenamify: [ '4.3.0' ],
20 silly audit   filesize: [ '8.0.7' ],
20 silly audit   'fill-range': [ '7.1.1' ],
20 silly audit   finalhandler: [ '1.3.2' ],
20 silly audit   'find-cache-dir': [ '3.3.2' ],
20 silly audit   'find-yarn-workspace-root2': [ '1.2.16' ],
20 silly audit   'findup-sync': [ '5.0.0' ],
20 silly audit   'flat-cache': [ '3.2.0' ],
20 silly audit   flatted: [ '3.3.3' ],
20 silly audit   'flow-bin': [ '0.294.0' ],
20 silly audit   'follow-redirects': [ '1.15.11' ],
20 silly audit   'for-each': [ '0.3.5' ],
20 silly audit   'fork-ts-checker-webpack-plugin': [ '6.5.3' ],
20 silly audit   'fs-extra': [ '9.1.0', '10.1.0', '11.3.2' ],
20 silly audit   tapable: [ '1.1.3', '2.3.0' ],
20 silly audit   'form-data': [ '3.0.4' ],
20 silly audit   forwarded: [ '0.2.0' ],
20 silly audit   'fraction.js': [ '5.3.4' ],
20 silly audit   fresh: [ '0.5.2' ],
20 silly audit   'fs-monkey': [ '1.1.0' ],
20 silly audit   'fs.realpath': [ '1.0.0' ],
20 silly audit   fsevents: [ '2.3.3' ],
20 silly audit   'function-bind': [ '1.1.2' ],
20 silly audit   'function.prototype.name': [ '1.1.8' ],
20 silly audit   'functions-have-names': [ '1.2.3' ],
20 silly audit   'generator-function': [ '2.0.1' ],
20 silly audit   gensync: [ '1.0.0-beta.2' ],
20 silly audit   'get-caller-file': [ '2.0.5' ],
20 silly audit   'get-intrinsic': [ '1.3.0' ],
20 silly audit   'get-own-enumerable-property-symbols': [ '3.0.2' ],
20 silly audit   'get-package-type': [ '0.1.0' ],
20 silly audit   'get-proto': [ '1.0.1' ],
20 silly audit   'get-symbol-description': [ '1.1.0' ],
20 silly audit   'gh-pages': [ '6.3.0' ],
20 silly audit   giturl: [ '1.0.3' ],
20 silly audit   glob: [ '7.2.3' ],
20 silly audit   'glob-to-regexp': [ '0.4.1' ],
20 silly audit   'global-dirs': [ '3.0.1' ],
20 silly audit   ini: [ '2.0.0', '1.3.8' ],
20 silly audit   'global-modules': [ '2.0.0', '1.0.0' ],
20 silly audit   'global-prefix': [ '3.0.0', '1.0.2' ],
20 silly audit   which: [ '1.3.1', '2.0.2' ],
20 silly audit   globals: [ '13.24.0' ],
20 silly audit   globalthis: [ '1.0.4' ],
20 silly audit   globby: [ '11.1.0' ],
20 silly audit   gopd: [ '1.2.0' ],
20 silly audit   got: [ '9.6.0' ],
20 silly audit   'graceful-fs': [ '4.2.11' ],
20 silly audit   graphemer: [ '1.4.0' ],
20 silly audit   'gzip-size': [ '6.0.0' ],
20 silly audit   'handle-thing': [ '2.0.1' ],
20 silly audit   'hard-rejection': [ '2.1.0' ],
20 silly audit   'harmony-reflect': [ '1.6.2' ],
20 silly audit   'has-bigints': [ '1.1.0' ],
20 silly audit   'has-property-descriptors': [ '1.0.2' ],
20 silly audit   'has-proto': [ '1.2.0' ],
20 silly audit   'has-symbols': [ '1.1.0' ],
20 silly audit   'has-tostringtag': [ '1.0.2' ],
20 silly audit   'has-yarn': [ '2.1.0' ],
20 silly audit   hasown: [ '2.0.2' ],
20 silly audit   he: [ '1.2.0' ],
20 silly audit   'highlight-es': [ '1.0.3' ],
20 silly audit   'js-tokens': [ '3.0.2', '4.0.0' ],
20 silly audit   'homedir-polyfill': [ '1.0.3' ],
20 silly audit   hoopy: [ '0.1.4' ],
20 silly audit   'hosted-git-info': [ '4.1.0', '2.8.9' ],
20 silly audit   'lru-cache': [ '6.0.0', '5.1.1' ],
20 silly audit   yallist: [ '4.0.0', '3.1.1' ],
20 silly audit   'hpack.js': [ '2.1.6' ],
20 silly audit   isarray: [ '1.0.0', '2.0.5' ],
20 silly audit   'readable-stream': [ '2.3.8', '3.6.2' ],
20 silly audit   'safe-buffer': [ '5.1.2', '5.2.1' ],
20 silly audit   string_decoder: [ '1.1.1', '1.3.0' ],
20 silly audit   'html-encoding-sniffer': [ '2.0.1' ],
20 silly audit   'html-entities': [ '2.6.0' ],
20 silly audit   'html-escaper': [ '2.0.2' ],
20 silly audit   'html-minifier-terser': [ '6.1.0' ],
20 silly audit   'html-webpack-plugin': [ '5.6.5' ],
20 silly audit   htmlparser2: [ '6.1.0' ],
20 silly audit   'http-cache-semantics': [ '4.2.0' ],
20 silly audit   'http-deceiver': [ '1.2.7' ],
20 silly audit   'http-errors': [ '2.0.1', '2.0.0', '1.6.3' ],
20 silly audit   'http-parser-js': [ '0.5.10' ],
20 silly audit   'http-proxy': [ '1.18.1' ],
20 silly audit   'http-proxy-agent': [ '4.0.1' ],
20 silly audit   'http-proxy-middleware': [ '2.0.9' ],
20 silly audit   'https-proxy-agent': [ '5.0.1' ],
20 silly audit   'human-signals': [ '2.1.0' ],
20 silly audit   'icss-utils': [ '5.1.0' ],
20 silly audit   idb: [ '7.1.1' ],
20 silly audit   'identity-obj-proxy': [ '3.0.0' ],
20 silly audit   ieee754: [ '1.2.1' ],
20 silly audit   ignore: [ '5.3.2' ],
20 silly audit   immer: [ '9.0.21' ],
20 silly audit   'import-fresh': [ '3.3.1' ],
20 silly audit   'resolve-from': [ '4.0.0', '5.0.0' ],
20 silly audit   'import-lazy': [ '2.1.0' ],
20 silly audit   'import-local': [ '3.2.0' ],
20 silly audit   imurmurhash: [ '0.1.4' ],
20 silly audit   'indent-string': [ '4.0.0' ],
20 silly audit   inflight: [ '1.0.6' ],
20 silly audit   inherits: [ '2.0.4', '2.0.3' ],
20 silly audit   inquirer: [ '7.3.3' ],
20 silly audit   'internal-slot': [ '1.1.0' ],
20 silly audit   'ipaddr.js': [ '2.3.0', '1.9.1' ],
20 silly audit   'is-array-buffer': [ '3.0.5' ],
20 silly audit   'is-arrayish': [ '0.2.1' ],
20 silly audit   'is-async-function': [ '2.1.1' ],
20 silly audit   'is-bigint': [ '1.1.0' ],
20 silly audit   'is-binary-path': [ '2.1.0' ],
20 silly audit   'is-boolean-object': [ '1.2.2' ],
20 silly audit   'is-callable': [ '1.2.7' ],
20 silly audit   'is-ci': [ '2.0.0' ],
20 silly audit   'is-core-module': [ '2.16.1' ],
20 silly audit   'is-data-view': [ '1.0.2' ],
20 silly audit   'is-date-object': [ '1.1.0' ],
20 silly audit   'is-docker': [ '2.2.1' ],
20 silly audit   'is-es2016-keyword': [ '1.0.0' ],
20 silly audit   'is-extglob': [ '2.1.1' ],
20 silly audit   'is-finalizationregistry': [ '1.1.1' ],
20 silly audit   'is-fullwidth-code-point': [ '3.0.0' ],
20 silly audit   'is-generator-fn': [ '2.1.0' ],
20 silly audit   'is-generator-function': [ '1.1.2' ],
20 silly audit   'is-glob': [ '4.0.3' ],
20 silly audit   'is-installed-globally': [ '0.4.0' ],
20 silly audit   'is-interactive': [ '1.0.0' ],
20 silly audit   'is-map': [ '2.0.3' ],
20 silly audit   'is-module': [ '1.0.0' ],
20 silly audit   'is-negative-zero': [ '2.0.3' ],
20 silly audit   'is-npm': [ '5.0.0' ],
20 silly audit   'is-number': [ '7.0.0' ],
20 silly audit   'is-number-object': [ '1.1.1' ],
20 silly audit   'is-path-inside': [ '3.0.3' ],
20 silly audit   'is-plain-obj': [ '3.0.0', '1.1.0' ],
20 silly audit   'is-potential-custom-element-name': [ '1.0.1' ],
20 silly audit   'is-regex': [ '1.2.1' ],
20 silly audit   'is-regexp': [ '1.0.0' ],
20 silly audit   'is-root': [ '2.1.0' ],
20 silly audit   'is-set': [ '2.0.3' ],
20 silly audit   'is-shared-array-buffer': [ '1.0.4' ],
20 silly audit   'is-stream': [ '2.0.1' ],
20 silly audit   'is-string': [ '1.1.1' ],
20 silly audit   'is-symbol': [ '1.1.1' ],
20 silly audit   'is-typed-array': [ '1.1.15' ],
20 silly audit   'is-typedarray': [ '1.0.0' ],
20 silly audit   'is-unicode-supported': [ '0.1.0' ],
20 silly audit   'is-weakmap': [ '2.0.2' ],
20 silly audit   'is-weakref': [ '1.1.1' ],
20 silly audit   'is-weakset': [ '2.0.4' ],
20 silly audit   'is-windows': [ '1.0.2' ],
20 silly audit   'is-wsl': [ '2.2.0' ],
20 silly audit   'is-yarn-global': [ '0.3.0' ],
20 silly audit   isexe: [ '2.0.0' ],
20 silly audit   'istanbul-lib-coverage': [ '3.2.2' ],
20 silly audit   'istanbul-lib-instrument': [ '5.2.1' ],
20 silly audit   'istanbul-lib-report': [ '3.0.1' ],
20 silly audit   'make-dir': [ '4.0.0', '3.1.0' ],
20 silly audit   'istanbul-lib-source-maps': [ '4.0.1' ],
20 silly audit   'istanbul-reports': [ '3.2.0' ],
20 silly audit   'iterator.prototype': [ '1.1.5' ],
20 silly audit   jake: [ '10.9.4' ],
20 silly audit   jest: [ '27.5.1' ],
20 silly audit   'jest-changed-files': [ '27.5.1' ],
20 silly audit   'jest-circus': [ '27.5.1' ],
20 silly audit   'jest-cli': [ '27.5.1' ],
20 silly audit   'jest-config': [ '27.5.1' ],
20 silly audit   'jest-diff': [ '27.5.1' ],
20 silly audit   'jest-docblock': [ '27.5.1' ],
20 silly audit   'jest-each': [ '27.5.1' ],
20 silly audit   'jest-environment-jsdom': [ '27.5.1' ],
20 silly audit   'jest-environment-node': [ '27.5.1' ],
20 silly audit   'jest-get-type': [ '27.5.1' ],
20 silly audit   'jest-haste-map': [ '27.5.1' ],
20 silly audit   'jest-jasmine2': [ '27.5.1' ],
20 silly audit   'jest-leak-detector': [ '27.5.1' ],
20 silly audit   'jest-matcher-utils': [ '27.5.1' ],
20 silly audit   'jest-message-util': [ '27.5.1', '28.1.3' ],
20 silly audit   'jest-mock': [ '27.5.1' ],
20 silly audit   'jest-pnp-resolver': [ '1.2.3' ],
20 silly audit   'jest-regex-util': [ '27.5.1', '28.0.2' ],
20 silly audit   'jest-resolve': [ '27.5.1' ],
20 silly audit   'jest-resolve-dependencies': [ '27.5.1' ],
20 silly audit   'jest-runner': [ '27.5.1' ],
20 silly audit   'jest-runtime': [ '27.5.1' ],
20 silly audit   'jest-serializer': [ '27.5.1' ],
20 silly audit   'jest-snapshot': [ '27.5.1' ],
20 silly audit   'jest-util': [ '27.5.1', '28.1.3' ],
20 silly audit   'jest-validate': [ '27.5.1' ],
20 silly audit   'jest-watch-typeahead': [ '1.1.0' ],
20 silly audit   slash: [ '3.0.0', '4.0.0' ],
20 silly audit   'jest-watcher': [ '28.1.3', '27.5.1' ],
20 silly audit   'string-length': [ '4.0.2', '5.0.1' ],
20 silly audit   'strip-ansi': [ '6.0.1', '7.1.2' ],
20 silly audit   'pretty-format': [ '28.1.3', '27.5.1' ],
20 silly audit   'react-is': [ '18.3.1', '16.13.1', '17.0.2' ],
20 silly audit   jiti: [ '1.21.7' ],
20 silly audit   jsdom: [ '16.7.0' ],
20 silly audit   jsesc: [ '3.1.0' ],
20 silly audit   'json-parse-even-better-errors': [ '2.3.1' ],
20 silly audit   'json-schema': [ '0.4.0' ],
20 silly audit   'json-stable-stringify-without-jsonify': [ '1.0.1' ],
20 silly audit   json5: [ '2.2.3', '1.0.2' ],
20 silly audit   jsonfile: [ '6.2.0' ],
20 silly audit   jsonpath: [ '1.1.1' ],
20 silly audit   jsonpointer: [ '5.0.1' ],
20 silly audit   'jsx-ast-utils': [ '3.3.5' ],
20 silly audit   'kind-of': [ '6.0.3' ],
20 silly audit   kleur: [ '3.0.3' ],
20 silly audit   klona: [ '2.0.6' ],
20 silly audit   'language-subtag-registry': [ '0.3.23' ],
20 silly audit   'language-tags': [ '1.0.9' ],
20 silly audit   'latest-version': [ '5.1.0' ],
20 silly audit   'launch-editor': [ '2.12.0' ],
20 silly audit   leven: [ '3.1.0' ],
20 silly audit   levn: [ '0.4.1', '0.3.0' ],
20 silly audit   lilconfig: [ '2.1.0', '3.1.3' ],
20 silly audit   'lines-and-columns': [ '1.2.4' ],
20 silly audit   'load-yaml-file': [ '0.2.0' ],
20 silly audit   pify: [ '4.0.1', '2.3.0' ],
20 silly audit   'strip-bom': [ '3.0.0', '4.0.0' ],
20 silly audit   'loader-runner': [ '4.3.1' ],
20 silly audit   'loader-utils': [ '2.0.4', '3.3.1' ],
20 silly audit   lodash: [ '4.17.21' ],
20 silly audit   'lodash.debounce': [ '4.0.8' ],
20 silly audit   'lodash.memoize': [ '4.1.2' ],
20 silly audit   'lodash.merge': [ '4.6.2' ],
20 silly audit   'lodash.sortby': [ '4.7.0' ],
20 silly audit   'lodash.uniq': [ '4.5.0' ],
20 silly audit   'log-symbols': [ '4.1.0' ],
20 silly audit   'loose-envify': [ '1.4.0' ],
20 silly audit   'lower-case': [ '2.0.2' ],
20 silly audit   'lz-string': [ '1.5.0' ],
20 silly audit   makeerror: [ '1.0.12' ],
20 silly audit   'math-intrinsics': [ '1.1.0' ],
20 silly audit   'media-typer': [ '0.3.0' ],
20 silly audit   memfs: [ '3.5.3' ],
20 silly audit   meow: [ '9.0.0' ],
20 silly audit   'merge-descriptors': [ '1.0.3' ],
20 silly audit   'merge-stream': [ '2.0.0' ],
20 silly audit   merge2: [ '1.4.1' ],
20 silly audit   methods: [ '1.1.2' ],
20 silly audit   micromatch: [ '4.0.8' ],
20 silly audit   mime: [ '1.6.0' ],
20 silly audit   'mime-db': [ '1.52.0' ],
20 silly audit   'mime-types': [ '2.1.35' ],
20 silly audit   'mimic-fn': [ '2.1.0' ],
20 silly audit   'mimic-response': [ '1.0.1' ],
20 silly audit   'min-indent': [ '1.0.1' ],
20 silly audit   'mini-css-extract-plugin': [ '2.9.4' ],
20 silly audit   'minimalistic-assert': [ '1.0.1' ],
20 silly audit   minimist: [ '1.2.8' ],
20 silly audit   'minimist-options': [ '4.1.0' ],
20 silly audit   mkdirp: [ '0.5.6' ],
20 silly audit   'multicast-dns': [ '7.2.5' ],
20 silly audit   multimatch: [ '5.0.0' ],
20 silly audit   'mute-stream': [ '0.0.8' ],
20 silly audit   mz: [ '2.7.0' ],
20 silly audit   nanoid: [ '3.3.11' ],
20 silly audit   'natural-compare': [ '1.4.0' ],
20 silly audit   'natural-compare-lite': [ '1.4.0' ],
20 silly audit   'neo-async': [ '2.6.2' ],
20 silly audit   'no-case': [ '3.0.4' ],
20 silly audit   'node-emoji': [ '1.11.0' ],
20 silly audit   'node-forge': [ '1.3.3' ],
20 silly audit   'node-int64': [ '0.4.0' ],
20 silly audit   'node-releases': [ '2.0.27' ],
20 silly audit   'normalize-package-data': [ '3.0.3', '2.5.0' ],
20 silly audit   'normalize-path': [ '3.0.0' ],
20 silly audit   'normalize-range': [ '0.1.2' ],
20 silly audit   'npm-check': [ '6.0.1' ],
20 silly audit   'pkg-dir': [ '5.0.0', '4.2.0' ],
20 silly audit   'npm-run-path': [ '4.0.1' ],
20 silly audit   'nth-check': [ '2.1.1', '1.0.2' ],
20 silly audit   nwsapi: [ '2.2.23' ],
20 silly audit   'object-assign': [ '4.1.1' ],
20 silly audit   'object-hash': [ '3.0.0' ],
20 silly audit   'object-inspect': [ '1.13.4' ],
20 silly audit   'object-keys': [ '1.1.1' ],
20 silly audit   'object.assign': [ '4.1.7' ],
20 silly audit   'object.entries': [ '1.1.9' ],
20 silly audit   'object.fromentries': [ '2.0.8' ],
20 silly audit   'object.getownpropertydescriptors': [ '2.1.9' ],
20 silly audit   'object.groupby': [ '1.0.3' ],
20 silly audit   'object.values': [ '1.2.1' ],
20 silly audit   obuf: [ '1.1.2' ],
20 silly audit   'on-finished': [ '2.4.1' ],
20 silly audit   'on-headers': [ '1.1.0' ],
20 silly audit   once: [ '1.4.0' ],
20 silly audit   onetime: [ '5.1.2' ],
20 silly audit   open: [ '8.4.2' ],
20 silly audit   optionator: [ '0.9.4', '0.8.3' ],
20 silly audit   ora: [ '5.4.1' ],
20 silly audit   'os-tmpdir': [ '1.0.2' ],
20 silly audit   'own-keys': [ '1.0.1' ],
20 silly audit   'p-cancelable': [ '1.1.0' ],
20 silly audit   'p-retry': [ '4.6.2' ],
20 silly audit   'p-try': [ '2.2.0' ],
20 silly audit   'package-json': [ '6.5.0' ],
20 silly audit   'param-case': [ '3.0.4' ],
20 silly audit   'parent-module': [ '1.0.1' ],
20 silly audit   'parse-json': [ '5.2.0' ],
20 silly audit   'parse-passwd': [ '1.0.0' ],
20 silly audit   parse5: [ '6.0.1' ],
20 silly audit   parseurl: [ '1.3.3' ],
20 silly audit   'pascal-case': [ '3.1.2' ],
20 silly audit   'path-exists': [ '4.0.0', '3.0.0' ],
20 silly audit   'path-is-absolute': [ '1.0.1' ],
20 silly audit   'path-key': [ '3.1.1' ],
20 silly audit   'path-parse': [ '1.0.7' ],
20 silly audit   'path-to-regexp': [ '0.1.12' ],
20 silly audit   'path-type': [ '4.0.0' ],
20 silly audit   'performance-now': [ '2.1.0' ],
20 silly audit   picocolors: [ '1.1.1', '0.2.1' ],
20 silly audit   picomatch: [ '2.3.1', '4.0.3' ],
20 silly audit   pinkie: [ '2.0.4' ],
20 silly audit   'pinkie-promise': [ '2.0.1' ],
20 silly audit   pirates: [ '4.0.7' ],
20 silly audit   'pkg-up': [ '3.1.0' ],
20 silly audit   'please-upgrade-node': [ '3.2.0' ],
20 silly audit   'possible-typed-array-names': [ '1.1.0' ],
20 silly audit   postcss: [ '8.5.6', '7.0.39' ],
20 silly audit   'postcss-attribute-case-insensitive': [ '5.0.2' ],
20 silly audit   'postcss-browser-comments': [ '4.0.0' ],
20 silly audit   'postcss-calc': [ '8.2.4' ],
20 silly audit   'postcss-clamp': [ '4.1.0' ],
20 silly audit   'postcss-color-functional-notation': [ '4.2.4' ],
20 silly audit   'postcss-color-hex-alpha': [ '8.0.4' ],
20 silly audit   'postcss-color-rebeccapurple': [ '7.1.1' ],
20 silly audit   'postcss-colormin': [ '5.3.1' ],
20 silly audit   'postcss-convert-values': [ '5.1.3' ],
20 silly audit   'postcss-custom-media': [ '8.0.2' ],
20 silly audit   'postcss-custom-properties': [ '12.1.11' ],
20 silly audit   'postcss-custom-selectors': [ '6.0.3' ],
20 silly audit   'postcss-dir-pseudo-class': [ '6.0.5' ],
20 silly audit   'postcss-discard-comments': [ '5.1.2' ],
20 silly audit   'postcss-discard-duplicates': [ '5.1.0' ],
20 silly audit   'postcss-discard-empty': [ '5.1.1' ],
20 silly audit   'postcss-discard-overridden': [ '5.1.0' ],
20 silly audit   'postcss-double-position-gradients': [ '3.1.2' ],
20 silly audit   'postcss-env-function': [ '4.0.6' ],
20 silly audit   'postcss-flexbugs-fixes': [ '5.0.2' ],
20 silly audit   'postcss-focus-visible': [ '6.0.4' ],
20 silly audit   'postcss-focus-within': [ '5.0.4' ],
20 silly audit   'postcss-font-variant': [ '5.0.0' ],
20 silly audit   'postcss-gap-properties': [ '3.0.5' ],
20 silly audit   'postcss-image-set-function': [ '4.0.7' ],
20 silly audit   'postcss-import': [ '15.1.0' ],
20 silly audit   'postcss-initial': [ '4.0.1' ],
20 silly audit   'postcss-js': [ '4.1.0' ],
20 silly audit   'postcss-lab-function': [ '4.2.1' ],
20 silly audit   'postcss-loader': [ '6.2.1' ],
20 silly audit   'postcss-logical': [ '5.0.4' ],
20 silly audit   'postcss-media-minmax': [ '5.0.0' ],
20 silly audit   'postcss-merge-longhand': [ '5.1.7' ],
20 silly audit   'postcss-merge-rules': [ '5.1.4' ],
20 silly audit   'postcss-minify-font-values': [ '5.1.0' ],
20 silly audit   'postcss-minify-gradients': [ '5.1.1' ],
20 silly audit   'postcss-minify-params': [ '5.1.4' ],
20 silly audit   'postcss-minify-selectors': [ '5.2.1' ],
20 silly audit   'postcss-modules-extract-imports': [ '3.1.0' ],
20 silly audit   'postcss-modules-local-by-default': [ '4.2.0' ],
20 silly audit   'postcss-selector-parser': [ '7.1.1', '6.1.2' ],
20 silly audit   'postcss-modules-scope': [ '3.2.1' ],
20 silly audit   'postcss-modules-values': [ '4.0.0' ],
20 silly audit   'postcss-nested': [ '6.2.0' ],
20 silly audit   'postcss-nesting': [ '10.2.0' ],
20 silly audit   'postcss-normalize': [ '10.0.1' ],
20 silly audit   'postcss-normalize-charset': [ '5.1.0' ],
20 silly audit   'postcss-normalize-display-values': [ '5.1.0' ],
20 silly audit   'postcss-normalize-positions': [ '5.1.1' ],
20 silly audit   'postcss-normalize-repeat-style': [ '5.1.1' ],
20 silly audit   'postcss-normalize-string': [ '5.1.0' ],
20 silly audit   'postcss-normalize-timing-functions': [ '5.1.0' ],
20 silly audit   'postcss-normalize-unicode': [ '5.1.1' ],
20 silly audit   'postcss-normalize-url': [ '5.1.0' ],
20 silly audit   'postcss-normalize-whitespace': [ '5.1.1' ],
20 silly audit   'postcss-opacity-percentage': [ '1.1.3' ],
20 silly audit   'postcss-ordered-values': [ '5.1.3' ],
20 silly audit   'postcss-overflow-shorthand': [ '3.0.4' ],
20 silly audit   'postcss-page-break': [ '3.0.4' ],
20 silly audit   'postcss-place': [ '7.0.5' ],
20 silly audit   'postcss-preset-env': [ '7.8.3' ],
20 silly audit   'postcss-pseudo-class-any-link': [ '7.1.6' ],
20 silly audit   'postcss-reduce-initial': [ '5.1.2' ],
20 silly audit   'postcss-reduce-transforms': [ '5.1.0' ],
20 silly audit   'postcss-replace-overflow-wrap': [ '4.0.0' ],
20 silly audit   'postcss-selector-not': [ '6.0.1' ],
20 silly audit   'postcss-svgo': [ '5.1.0' ],
20 silly audit   svgo: [ '2.8.0', '1.3.2' ],
20 silly audit   'postcss-unique-selectors': [ '5.1.1' ],
20 silly audit   'postcss-value-parser': [ '4.2.0' ],
20 silly audit   'preferred-pm': [ '3.1.4' ],
20 silly audit   'prelude-ls': [ '1.2.1', '1.1.2' ],
20 silly audit   'prepend-http': [ '2.0.0' ],
20 silly audit   'pretty-bytes': [ '5.6.0' ],
20 silly audit   'pretty-error': [ '4.0.0' ],
20 silly audit   'process-nextick-args': [ '2.0.1' ],
20 silly audit   promise: [ '8.3.0' ],
20 silly audit   prompts: [ '2.4.2' ],
20 silly audit   'prop-types': [ '15.8.1' ],
20 silly audit   'proxy-addr': [ '2.0.7' ],
20 silly audit   psl: [ '1.15.0' ],
20 silly audit   pump: [ '3.0.3' ],
20 silly audit   punycode: [ '2.3.1' ],
20 silly audit   pupa: [ '2.1.1' ],
20 silly audit   q: [ '1.5.1' ],
20 silly audit   qs: [ '6.14.0' ],
20 silly audit   querystringify: [ '2.2.0' ],
20 silly audit   'queue-microtask': [ '1.2.3' ],
20 silly audit   'quick-lru': [ '4.0.1' ],
20 silly audit   raf: [ '3.4.1' ],
20 silly audit   randombytes: [ '2.1.0' ],
20 silly audit   'range-parser': [ '1.2.1' ],
20 silly audit   'raw-body': [ '2.5.3' ],
20 silly audit   rc: [ '1.2.8' ],
20 silly audit   'rc-config-loader': [ '4.1.3' ],
20 silly audit   'strip-json-comments': [ '2.0.1', '3.1.1' ],
20 silly audit   react: [ '19.2.3' ],
20 silly audit   'react-app-polyfill': [ '3.0.0' ],
20 silly audit   'react-dev-utils': [ '12.0.1' ],
20 silly audit   'react-dom': [ '19.2.3' ],
20 silly audit   'react-error-overlay': [ '6.1.0' ],
20 silly audit   'react-refresh': [ '0.11.0' ],
20 silly audit   'react-router': [ '7.10.1' ],
20 silly audit   'react-router-dom': [ '7.10.1' ],
20 silly audit   'react-scripts': [ '5.0.1' ],
20 silly audit   'read-cache': [ '1.0.0' ],
20 silly audit   'read-pkg': [ '5.2.0' ],
20 silly audit   'read-pkg-up': [ '7.0.1' ],
20 silly audit   readdirp: [ '3.6.0' ],
20 silly audit   'recursive-readdir': [ '2.2.3' ],
20 silly audit   redent: [ '3.0.0' ],
20 silly audit   'reflect.getprototypeof': [ '1.0.10' ],
20 silly audit   regenerate: [ '1.4.2' ],
20 silly audit   'regenerate-unicode-properties': [ '10.2.2' ],
20 silly audit   'regenerator-runtime': [ '0.13.11' ],
20 silly audit   'regex-parser': [ '2.3.1' ],
20 silly audit   'regexp.prototype.flags': [ '1.5.4' ],
20 silly audit   'regexpu-core': [ '6.4.0' ],
20 silly audit   'registry-auth-token': [ '4.2.2' ],
20 silly audit   'registry-url': [ '5.1.0' ],
20 silly audit   regjsgen: [ '0.8.0' ],
20 silly audit   regjsparser: [ '0.13.0' ],
20 silly audit   relateurl: [ '0.2.7' ],
20 silly audit   renderkid: [ '3.0.0' ],
20 silly audit   'require-directory': [ '2.1.1' ],
20 silly audit   'require-from-string': [ '2.0.2' ],
20 silly audit   'require-package-name': [ '2.0.1' ],
20 silly audit   'requires-port': [ '1.0.0' ],
20 silly audit   'resolve-cwd': [ '3.0.0' ],
20 silly audit   'resolve-dir': [ '1.0.1' ],
20 silly audit   'resolve-url-loader': [ '4.0.0' ],
20 silly audit   'resolve.exports': [ '1.1.1' ],
20 silly audit   responselike: [ '1.0.2' ],
20 silly audit   'restore-cursor': [ '3.1.0' ],
20 silly audit   retry: [ '0.13.1' ],
20 silly audit   reusify: [ '1.1.0' ],
20 silly audit   rimraf: [ '3.0.2' ],
20 silly audit   rollup: [ '2.79.2' ],
20 silly audit   'rollup-plugin-terser': [ '7.0.2' ],
20 silly audit   'serialize-javascript': [ '4.0.0', '6.0.2' ],
20 silly audit   'run-async': [ '2.4.1' ],
20 silly audit   'run-parallel': [ '1.2.0' ],
20 silly audit   rxjs: [ '6.6.7' ],
20 silly audit   tslib: [ '1.14.1', '2.8.1' ],
20 silly audit   'safe-array-concat': [ '1.1.3' ],
20 silly audit   'safe-push-apply': [ '1.0.0' ],
20 silly audit   'safe-regex-test': [ '1.1.0' ],
20 silly audit   'safer-buffer': [ '2.1.2' ],
20 silly audit   'sanitize.css': [ '13.0.0' ],
20 silly audit   'sass-loader': [ '12.6.0' ],
20 silly audit   sax: [ '1.2.4' ],
20 silly audit   saxes: [ '5.0.1' ],
20 silly audit   scheduler: [ '0.27.0' ],
20 silly audit   'select-hose': [ '2.0.0' ],
20 silly audit   selfsigned: [ '2.4.1' ],
20 silly audit   'semver-compare': [ '1.0.0' ],
20 silly audit   'semver-diff': [ '3.1.1' ],
20 silly audit   send: [ '0.19.1', '0.19.0' ],
20 silly audit   statuses: [ '2.0.1', '1.5.0', '2.0.2' ],
20 silly audit   'serve-index': [ '1.9.1' ],
20 silly audit   setprototypeof: [ '1.1.0', '1.2.0' ],
20 silly audit   'serve-static': [ '1.16.2' ],
20 silly audit   'set-cookie-parser': [ '2.7.2' ],
20 silly audit   'set-function-length': [ '1.2.2' ],
20 silly audit   'set-function-name': [ '2.0.2' ],
20 silly audit   'set-proto': [ '1.0.0' ],
20 silly audit   'shebang-command': [ '2.0.0' ],
20 silly audit   'shebang-regex': [ '3.0.0' ],
20 silly audit   'shell-quote': [ '1.8.3' ],
20 silly audit   'side-channel': [ '1.1.0' ],
20 silly audit   'side-channel-list': [ '1.0.0' ],
20 silly audit   'side-channel-map': [ '1.0.1' ],
20 silly audit   'side-channel-weakmap': [ '1.0.2' ],
20 silly audit   'signal-exit': [ '3.0.7' ],
20 silly audit   sisteransi: [ '1.0.5' ],
20 silly audit   sockjs: [ '0.3.24' ],
20 silly audit   'source-list-map': [ '2.0.1' ],
20 silly audit   'source-map-js': [ '1.2.1' ],
20 silly audit   'source-map-loader': [ '3.0.2' ],
20 silly audit   'source-map-support': [ '0.5.21' ],
20 silly audit   'sourcemap-codec': [ '1.4.8' ],
20 silly audit   'spdx-correct': [ '3.2.0' ],
20 silly audit   'spdx-exceptions': [ '2.5.0' ],
20 silly audit   'spdx-expression-parse': [ '3.0.1' ],
20 silly audit   'spdx-license-ids': [ '3.0.22' ],
20 silly audit   spdy: [ '4.0.2' ],
20 silly audit   'spdy-transport': [ '3.0.0' ],
20 silly audit   'sprintf-js': [ '1.0.3' ],
20 silly audit   stable: [ '0.1.8' ],
20 silly audit   'stack-utils': [ '2.0.6' ],
20 silly audit   stackframe: [ '1.3.4' ],
20 silly audit   'static-eval': [ '2.0.2' ],
20 silly audit   'type-check': [ '0.3.2', '0.4.0' ],
20 silly audit   'stop-iteration-iterator': [ '1.1.0' ],
20 silly audit   'string-natural-compare': [ '3.0.1' ],
20 silly audit   'string-width': [ '4.2.3' ],
20 silly audit   'string.prototype.includes': [ '2.0.1' ],
20 silly audit   'string.prototype.matchall': [ '4.0.12' ],
20 silly audit   'string.prototype.repeat': [ '1.0.0' ],
20 silly audit   'string.prototype.trim': [ '1.2.10' ],
20 silly audit   'string.prototype.trimend': [ '1.0.9' ],
20 silly audit   'string.prototype.trimstart': [ '1.0.8' ],
20 silly audit   'stringify-object': [ '3.3.0' ],
20 silly audit   'strip-comments': [ '2.0.1' ],
20 silly audit   'strip-final-newline': [ '2.0.0' ],
20 silly audit   'strip-indent': [ '3.0.0' ],
20 silly audit   'strip-outer': [ '1.0.1' ],
20 silly audit   'style-loader': [ '3.3.4' ],
20 silly audit   stylehacks: [ '5.1.1' ],
20 silly audit   sucrase: [ '3.35.1' ],
20 silly audit   'supports-hyperlinks': [ '2.3.0' ],
20 silly audit   'supports-preserve-symlinks-flag': [ '1.0.0' ],
20 silly audit   'svg-parser': [ '2.0.4' ],
20 silly audit   'symbol-tree': [ '3.2.4' ],
20 silly audit   tailwindcss: [ '3.4.19' ],
20 silly audit   'postcss-load-config': [ '6.0.1' ],
20 silly audit   'temp-dir': [ '2.0.0' ],
20 silly audit   tempy: [ '0.6.0' ],
20 silly audit   'terminal-link': [ '2.1.1' ],
20 silly audit   terser: [ '5.44.1' ],
20 silly audit   'terser-webpack-plugin': [ '5.3.16' ],
20 silly audit   'test-exclude': [ '6.0.0' ],
20 silly audit   'text-table': [ '0.2.0' ],
20 silly audit   thenify: [ '3.3.1' ],
20 silly audit   'thenify-all': [ '1.6.0' ],
20 silly audit   throat: [ '6.0.2' ],
20 silly audit   through: [ '2.3.8' ],
20 silly audit   thunky: [ '1.1.0' ],
20 silly audit   tinyglobby: [ '0.2.15' ],
20 silly audit   fdir: [ '6.5.0' ],
20 silly audit   tmp: [ '0.0.33' ],
20 silly audit   tmpl: [ '1.0.5' ],
20 silly audit   'to-readable-stream': [ '1.0.0' ],
20 silly audit   'to-regex-range': [ '5.0.1' ],
20 silly audit   toidentifier: [ '1.0.1' ],
20 silly audit   'tough-cookie': [ '4.1.4' ],
20 silly audit   universalify: [ '0.2.0', '2.0.1' ],
20 silly audit   tr46: [ '2.1.0', '1.0.1' ],
20 silly audit   'trim-newlines': [ '3.0.1' ],
20 silly audit   'trim-repeated': [ '1.0.0' ],
20 silly audit   tryer: [ '1.0.1' ],
20 silly audit   'ts-interface-checker': [ '0.1.13' ],
20 silly audit   'tsconfig-paths': [ '3.15.0' ],
20 silly audit   tsutils: [ '3.21.0' ],
20 silly audit   'type-detect': [ '4.0.8' ],
20 silly audit   'type-is': [ '1.6.18' ],
20 silly audit   'typed-array-buffer': [ '1.0.3' ],
20 silly audit   'typed-array-byte-length': [ '1.0.3' ],
20 silly audit   'typed-array-byte-offset': [ '1.0.4' ],
20 silly audit   'typed-array-length': [ '1.0.7' ],
20 silly audit   'typedarray-to-buffer': [ '3.1.5' ],
20 silly audit   typescript: [ '4.9.5' ],
20 silly audit   'unbox-primitive': [ '1.1.0' ],
20 silly audit   underscore: [ '1.12.1' ],
20 silly audit   'undici-types': [ '7.16.0' ],
20 silly audit   'unicode-canonical-property-names-ecmascript': [ '2.0.1' ],
20 silly audit   'unicode-match-property-ecmascript': [ '2.0.0' ],
20 silly audit   'unicode-match-property-value-ecmascript': [ '2.2.1' ],
20 silly audit   'unicode-property-aliases-ecmascript': [ '2.2.0' ],
20 silly audit   'unique-string': [ '2.0.0' ],
20 silly audit   unpipe: [ '1.0.0' ],
20 silly audit   unquote: [ '1.1.1' ],
20 silly audit   upath: [ '1.2.0' ],
20 silly audit   'update-browserslist-db': [ '1.2.2' ],
20 silly audit   'update-notifier': [ '5.1.0' ],
20 silly audit   'uri-js': [ '4.4.1' ],
20 silly audit   'url-parse': [ '1.5.10' ],
20 silly audit   'url-parse-lax': [ '3.0.0' ],
20 silly audit   'util-deprecate': [ '1.0.2' ],
20 silly audit   'util.promisify': [ '1.0.1' ],
20 silly audit   utila: [ '0.4.0' ],
20 silly audit   'utils-merge': [ '1.0.1' ],
20 silly audit   uuid: [ '8.3.2' ],
20 silly audit   'v8-to-istanbul': [ '8.1.1' ],
20 silly audit   'validate-npm-package-license': [ '3.0.4' ],
20 silly audit   vary: [ '1.1.2' ],
20 silly audit   'w3c-hr-time': [ '1.0.2' ],
20 silly audit   'w3c-xmlserializer': [ '2.0.0' ],
20 silly audit   walker: [ '1.0.8' ],
20 silly audit   watchpack: [ '2.4.4' ],
20 silly audit   wbuf: [ '1.7.3' ],
20 silly audit   wcwidth: [ '1.0.1' ],
20 silly audit   'web-vitals': [ '2.1.4' ],
20 silly audit   webpack: [ '5.103.0' ],
20 silly audit   'webpack-dev-middleware': [ '5.3.4' ],
20 silly audit   'webpack-dev-server': [ '4.15.2' ],
20 silly audit   ws: [ '8.18.3', '7.5.10' ],
20 silly audit   'webpack-manifest-plugin': [ '4.1.1' ],
20 silly audit   'webpack-sources': [ '2.3.1', '3.3.3', '1.4.3' ],
20 silly audit   'websocket-driver': [ '0.7.4' ],
20 silly audit   'websocket-extensions': [ '0.1.4' ],
20 silly audit   'whatwg-encoding': [ '1.0.5' ],
20 silly audit   'whatwg-fetch': [ '3.6.20' ],
20 silly audit   'whatwg-mimetype': [ '2.3.0' ],
20 silly audit   'whatwg-url': [ '8.7.0', '7.1.0' ],
20 silly audit   'which-boxed-primitive': [ '1.1.1' ],
20 silly audit   'which-builtin-type': [ '1.2.1' ],
20 silly audit   'which-collection': [ '1.0.2' ],
20 silly audit   'which-pm': [ '2.2.0' ],
20 silly audit   'which-typed-array': [ '1.1.19' ],
20 silly audit   'widest-line': [ '3.1.0' ],
20 silly audit   'word-wrap': [ '1.2.5' ],
20 silly audit   'workbox-background-sync': [ '6.6.0' ],
20 silly audit   'workbox-broadcast-update': [ '6.6.0' ],
20 silly audit   'workbox-build': [ '6.6.0' ],
20 silly audit   '@apideck/better-ajv-errors': [ '0.3.6' ],
20 silly audit   'workbox-cacheable-response': [ '6.6.0' ],
20 silly audit   'workbox-core': [ '6.6.0' ],
20 silly audit   'workbox-expiration': [ '6.6.0' ],
20 silly audit   'workbox-google-analytics': [ '6.6.0' ],
20 silly audit   'workbox-navigation-preload': [ '6.6.0' ],
20 silly audit   'workbox-precaching': [ '6.6.0' ],
20 silly audit   'workbox-range-requests': [ '6.6.0' ],
20 silly audit   'workbox-recipes': [ '6.6.0' ],
20 silly audit   'workbox-routing': [ '6.6.0' ],
20 silly audit   'workbox-strategies': [ '6.6.0' ],
20 silly audit   'workbox-streams': [ '6.6.0' ],
20 silly audit   'workbox-sw': [ '6.6.0' ],
20 silly audit   'workbox-webpack-plugin': [ '6.6.0' ],
20 silly audit   'workbox-window': [ '6.6.0' ],
20 silly audit   'wrap-ansi': [ '7.0.0' ],
20 silly audit   wrappy: [ '1.0.2' ],
20 silly audit   'write-file-atomic': [ '3.0.3' ],
20 silly audit   'xdg-basedir': [ '4.0.0' ],
20 silly audit   'xml-name-validator': [ '3.0.0' ],
20 silly audit   xmlchars: [ '2.2.0' ],
20 silly audit   xtend: [ '4.0.2' ],
20 silly audit   y18n: [ '5.0.8' ],
20 silly audit   yaml: [ '1.10.2' ],
20 silly audit   yargs: [ '16.2.0' ],
20 silly audit   'yargs-parser': [ '20.2.9' ],
20 silly audit   'yocto-queue': [ '0.1.0' ]
20 silly audit }
21 http fetch POST 200 https://registry.npmjs.org/-/npm/v1/security/advisories/bulk 839ms
22 silly audit report {
22 silly audit report   got: [
22 silly audit report     {
22 silly audit report       id: 1088948,
22 silly audit report       url: 'https://github.com/advisories/GHSA-pfrx-2q88-qq97',
22 silly audit report       title: 'Got allows a redirect to a UNIX socket',
22 silly audit report       severity: 'moderate',
22 silly audit report       vulnerable_versions: '<11.8.5',
22 silly audit report       cwe: [],
22 silly audit report       cvss: [Object]
22 silly audit report     }
22 silly audit report   ],
22 silly audit report   'nth-check': [
22 silly audit report     {
22 silly audit report       id: 1095141,
22 silly audit report       url: 'https://github.com/advisories/GHSA-rp65-9cf3-cjxr',
22 silly audit report       title: 'Inefficient Regular Expression Complexity in nth-check',
22 silly audit report       severity: 'high',
22 silly audit report       vulnerable_versions: '<2.0.1',
22 silly audit report       cwe: [Array],
22 silly audit report       cvss: [Object]
22 silly audit report     }
22 silly audit report   ],
22 silly audit report   postcss: [
22 silly audit report     {
22 silly audit report       id: 1109574,
22 silly audit report       url: 'https://github.com/advisories/GHSA-7fh5-64p2-3v2j',
22 silly audit report       title: 'PostCSS line return parsing error',
22 silly audit report       severity: 'moderate',
22 silly audit report       vulnerable_versions: '<8.4.31',
22 silly audit report       cwe: [Array],
22 silly audit report       cvss: [Object]
22 silly audit report     }
22 silly audit report   ],
22 silly audit report   tmp: [
22 silly audit report     {
22 silly audit report       id: 1109537,
22 silly audit report       url: 'https://github.com/advisories/GHSA-52f5-9888-hmc6',
22 silly audit report       title: 'tmp allows arbitrary temporary file / directory write via symbolic link `dir` parameter',
22 silly audit report       severity: 'low',
22 silly audit report       vulnerable_versions: '<=0.2.3',
22 silly audit report       cwe: [Array],
22 silly audit report       cvss: [Object]
22 silly audit report     }
22 silly audit report   ],
22 silly audit report   'webpack-dev-server': [
22 silly audit report     {
22 silly audit report       id: 1108429,
22 silly audit report       url: 'https://github.com/advisories/GHSA-9jgg-88mc-972h',
22 silly audit report       title: "webpack-dev-server users' source code may be stolen when they access a malicious web site with non-Chromium based browser",
22 silly audit report       severity: 'moderate',
22 silly audit report       vulnerable_versions: '<=5.2.0',
22 silly audit report       cwe: [Array],
22 silly audit report       cvss: [Object]
22 silly audit report     },
22 silly audit report     {
22 silly audit report       id: 1108430,
22 silly audit report       url: 'https://github.com/advisories/GHSA-4v9v-hfq4-rm2v',
22 silly audit report       title: "webpack-dev-server users' source code may be stolen when they access a malicious web site",
22 silly audit report       severity: 'moderate',
22 silly audit report       vulnerable_versions: '<=5.2.0',
22 silly audit report       cwe: [Array],
22 silly audit report       cvss: [Object]
22 silly audit report     }
22 silly audit report   ]
22 silly audit report }
23 silly packumentCache corgi:https://registry.npmjs.org/got cache-miss
24 silly packumentCache corgi:https://registry.npmjs.org/nth-check cache-miss
25 silly packumentCache corgi:https://registry.npmjs.org/postcss cache-miss
26 silly packumentCache corgi:https://registry.npmjs.org/tmp cache-miss
27 silly packumentCache corgi:https://registry.npmjs.org/webpack-dev-server cache-miss
28 http fetch GET 200 https://registry.npmjs.org/got 599ms (cache revalidated)
29 silly packumentCache corgi:https://registry.npmjs.org/got set size:348273 disposed:false
30 http fetch GET 200 https://registry.npmjs.org/postcss 725ms (cache revalidated)
31 silly packumentCache corgi:https://registry.npmjs.org/postcss set size:337129 disposed:false
32 http fetch GET 200 https://registry.npmjs.org/webpack-dev-server 738ms (cache revalidated)
33 silly packumentCache corgi:https://registry.npmjs.org/webpack-dev-server set size:455204 disposed:false
34 http fetch GET 200 https://registry.npmjs.org/nth-check 790ms (cache revalidated)
35 silly packumentCache corgi:https://registry.npmjs.org/nth-check set size:10078 disposed:false
36 http fetch GET 200 https://registry.npmjs.org/tmp 790ms (cache revalidated)
37 silly packumentCache corgi:https://registry.npmjs.org/tmp set size:23979 disposed:false
38 silly packumentCache corgi:https://registry.npmjs.org/package-json cache-miss
39 http fetch GET 200 https://registry.npmjs.org/package-json 62ms (cache revalidated)
40 silly packumentCache corgi:https://registry.npmjs.org/package-json set size:33596 disposed:false
41 silly packumentCache corgi:https://registry.npmjs.org/css-select cache-miss
42 http fetch GET 200 https://registry.npmjs.org/css-select 57ms (cache revalidated)
43 silly packumentCache corgi:https://registry.npmjs.org/css-select set size:48469 disposed:false
44 silly packumentCache corgi:https://registry.npmjs.org/resolve-url-loader cache-miss
45 http fetch GET 200 https://registry.npmjs.org/resolve-url-loader 65ms (cache revalidated)
46 silly packumentCache corgi:https://registry.npmjs.org/resolve-url-loader set size:61938 disposed:false
47 silly packumentCache corgi:https://registry.npmjs.org/external-editor cache-miss
48 http fetch GET 200 https://registry.npmjs.org/external-editor 62ms (cache revalidated)
49 silly packumentCache corgi:https://registry.npmjs.org/external-editor set size:17808 disposed:false
50 silly packumentCache corgi:https://registry.npmjs.org/@pmmmwh%2freact-refresh-webpack-plugin cache-miss
51 silly packumentCache corgi:https://registry.npmjs.org/react-scripts cache-miss
52 http fetch GET 200 https://registry.npmjs.org/react-scripts 66ms (cache revalidated)
53 silly packumentCache corgi:https://registry.npmjs.org/react-scripts set size:342451 disposed:false
54 http fetch GET 200 https://registry.npmjs.org/@pmmmwh%2freact-refresh-webpack-plugin 77ms (cache revalidated)
55 silly packumentCache corgi:https://registry.npmjs.org/@pmmmwh%2freact-refresh-webpack-plugin set size:206166 disposed:false
56 silly packumentCache corgi:https://registry.npmjs.org/latest-version cache-miss
57 silly packumentCache corgi:https://registry.npmjs.org/npm-check cache-miss
58 http fetch GET 200 https://registry.npmjs.org/latest-version 64ms (cache revalidated)
59 silly packumentCache corgi:https://registry.npmjs.org/latest-version set size:15360 disposed:false
60 http fetch GET 200 https://registry.npmjs.org/npm-check 68ms (cache revalidated)
61 silly packumentCache corgi:https://registry.npmjs.org/npm-check set size:68773 disposed:false
62 silly packumentCache corgi:https://registry.npmjs.org/svgo cache-miss
63 http fetch GET 200 https://registry.npmjs.org/svgo 68ms (cache revalidated)
64 silly packumentCache corgi:https://registry.npmjs.org/svgo set size:133164 disposed:false
65 silly packumentCache corgi:https://registry.npmjs.org/inquirer cache-miss
66 http fetch GET 200 https://registry.npmjs.org/inquirer 61ms (cache revalidated)
67 silly packumentCache corgi:https://registry.npmjs.org/inquirer set size:251680 disposed:false
68 silly packumentCache corgi:https://registry.npmjs.org/update-notifier cache-miss
69 http fetch GET 200 https://registry.npmjs.org/update-notifier 72ms (cache revalidated)
70 silly packumentCache corgi:https://registry.npmjs.org/update-notifier set size:56608 disposed:false
71 silly packumentCache corgi:https://registry.npmjs.org/@svgr%2fplugin-svgo cache-miss
72 http fetch GET 200 https://registry.npmjs.org/@svgr%2fplugin-svgo 96ms (cache revalidated)
73 silly packumentCache corgi:https://registry.npmjs.org/@svgr%2fplugin-svgo set size:36570 disposed:false
74 silly packumentCache corgi:https://registry.npmjs.org/@svgr%2fwebpack cache-miss
75 http fetch GET 200 https://registry.npmjs.org/@svgr%2fwebpack 81ms (cache revalidated)
76 silly packumentCache corgi:https://registry.npmjs.org/@svgr%2fwebpack set size:85201 disposed:false
77 verbose cwd D:\dev\workspaces\js\bbortt.github.io
78 verbose os Windows_NT 10.0.19045
79 verbose node v24.11.1
80 verbose npm  v11.6.2
81 verbose exit 0
82 info ok
